# Committed baseline of the DNA hashes the fleet is contracted to run.
#
# Format: <role>=<uhC0k… DNA hash>, one per line, blank lines and `#` comments
# ignored. `role` matches the happ.yaml role name (elohim/workdir/happ.yaml),
# not the DNA directory name (node-registry dir -> node_registry role).
#
# Read and enforced by scripts/ci/dna-hash-guard.sh in the "DNA Hash Guard" stage
# of elohim/holochain/dna/Jenkinsfile: a build whose packed DNA hash diverges
# from this file FAILS unless its commit is tagged [dna:migrate] — a moved
# integrity hash orphans the fleet's DHT data and re-keys every node, so it is a
# declared migration, never a side effect.
#
# CONTRACT: these are PACKED-DNA hashes (`hc dna hash workdir/<role>.dna`), NOT the
# hashes a conductor reports as installed. The installed DnaHash folds in the happ.yaml
# role modifiers (four roles carry `properties: {progenitor_pubkey: null}`; infrastructure
# carries `properties: null` and is the only role where the two coincide). Never compare
# this file against `/version`, `app_info`, or storage's "installed" log lines — compare
# it only against the pipeline's own `DNA-HASH <role> <hash>` lines. The invariant it
# guards is byte-identity of the integrity zomes between builds.
#
# 2026-09-02 — values are elohim-holochain #1420's packed hashes, byte-identical to #1414
# (the last pre-incident build). The commit that set them (7d9096263) was labelled
# [dna:migrate] on a MISREADING: the previous baseline held INSTALLED hashes, which can
# never match packed ones for the four roles with properties, so the guard fired on a
# comparison that was wrong by construction. No migration occurred — the fleet re-genesised
# onto the same five DNA hashes it had run since July. Escalation atom (CORRECTION 2):
#   genesis/data/timeline/backlog/alpha-conductor-crash-loop-after-wave4-roll-and-moved-dna-hashes.md
lamad=uhC0k8x1UsBQjMyiU-c_rgoi9dF2YnhwAjVqUg_DrVnXitSAQli-E
imagodei=uhC0kRA0NgxsLmrTNiK8Rm-OhAKHD91jXr_Y8OrEJbNlwyTzCaOGf
infrastructure=uhC0kq1eGfzYnt6hpAgmNMixaCmiffBlbI4vm9p3EVgnQTfws2tJA
node_registry=uhC0kL99ixoFpZ0EUnAuXGpR_nOjRieBMZF-94QGTkdHe19pwpq85
mishpat=uhC0kRnr6SB8cs5HYMq8PVmJXYVY4Y4FLnoIrMvNmwnY7Szue3lA2
